1287 INFO: PyInstaller: 6.13.0, contrib hooks: 2025.3
1287 INFO: Python: 3.12.7 (conda)
1348 INFO: Platform: Windows-11-10.0.22631-SP0
1348 INFO: Python environment: C:\Users\az03810\AppData\Local\anaconda3
1656 INFO: Module search paths (PYTHONPATH):
['C:\\Users\\az03810\\AppData\\Local\\anaconda3\\Scripts\\pyinstaller.exe',
 'C:\\Users\\az03810\\AppData\\Local\\anaconda3\\python312.zip',
 'C:\\Users\\az03810\\AppData\\Local\\anaconda3\\DLLs',
 'C:\\Users\\az03810\\AppData\\Local\\anaconda3\\Lib',
 'C:\\Users\\az03810\\AppData\\Local\\anaconda3',
 'C:\\Users\\az03810\\AppData\\Local\\anaconda3\\Lib\\site-packages',
 'C:\\Users\\az03810\\AppData\\Local\\anaconda3\\Lib\\site-packages\\win32',
 'C:\\Users\\az03810\\AppData\\Local\\anaconda3\\Lib\\site-packages\\win32\\lib',
 'C:\\Users\\az03810\\AppData\\Local\\anaconda3\\Lib\\site-packages\\Pythonwin',
 'C:\\Users\\az03810\\AppData\\Local\\anaconda3\\Lib\\site-packages\\setuptools\\_vendor',
 'C:\\Users\\az03810\\OneDrive - '
 'Alliance\\Bureau\\ia_detection\\ia_detection\\source',
 'C:\\Users\\az03810\\OneDrive - '
 'Alliance\\Bureau\\ia_detection\\ia_detection\\source']
1270 WARNING: discover_hook_directories: Failed to process hook entry point 'EntryPoint(name='hook-dirs', value='rapidfuzz.__pyinstaller:get_hook_dirs', group='pyinstaller40')': AttributeError: module 'rapidfuzz.__pyinstaller' has no attribute 'get_hook_dirs'
3386 INFO: Appending 'datas' from .spec
3394 INFO: checking Analysis
3537 INFO: Building because excludes changed
3537 INFO: Running Analysis Analysis-00.toc
3538 INFO: Target bytecode optimization level: 0
3538 INFO: Initializing module dependency graph...
3539 INFO: Initializing module graph hook caches...
3558 INFO: Analyzing modules for base_library.zip ...
8302 INFO: Processing standard module hook 'hook-heapq.py' from 'C:\\Users\\az03810\\AppData\\Local\\anaconda3\\Lib\\site-packages\\PyInstaller\\hooks'
8369 INFO: Processing standard module hook 'hook-encodings.py' from 'C:\\Users\\az03810\\AppData\\Local\\anaconda3\\Lib\\site-packages\\PyInstaller\\hooks'
11267 INFO: Processing standard module hook 'hook-pickle.py' from 'C:\\Users\\az03810\\AppData\\Local\\anaconda3\\Lib\\site-packages\\PyInstaller\\hooks'
12811 INFO: Caching module dependency graph...
12861 INFO: Looking for Python shared library...
12870 INFO: Using Python shared library: C:\Users\az03810\AppData\Local\anaconda3\python312.dll
12870 INFO: Analyzing C:\Users\az03810\OneDrive - Alliance\Bureau\ia_detection\ia_detection\source\interface.py
12877 INFO: Processing pre-find-module-path hook 'hook-tkinter.py' from 'C:\\Users\\az03810\\AppData\\Local\\anaconda3\\Lib\\site-packages\\PyInstaller\\hooks\\pre_find_module_path'
12877 INFO: TclTkInfo: initializing cached Tcl/Tk info...
13236 INFO: Processing standard module hook 'hook-_tkinter.py' from 'C:\\Users\\az03810\\AppData\\Local\\anaconda3\\Lib\\site-packages\\PyInstaller\\hooks'
13352 INFO: Analyzing hidden import 'cv2'
13361 INFO: Processing standard module hook 'hook-cv2.py' from 'C:\\Users\\az03810\\AppData\\Local\\anaconda3\\Lib\\site-packages\\_pyinstaller_hooks_contrib\\stdhooks'
15274 INFO: Processing standard module hook 'hook-numpy.py' from 'C:\\Users\\az03810\\AppData\\Local\\anaconda3\\Lib\\site-packages\\PyInstaller\\hooks'
16372 INFO: Processing standard module hook 'hook-difflib.py' from 'C:\\Users\\az03810\\AppData\\Local\\anaconda3\\Lib\\site-packages\\PyInstaller\\hooks'
16664 INFO: Processing standard module hook 'hook-multiprocessing.util.py' from 'C:\\Users\\az03810\\AppData\\Local\\anaconda3\\Lib\\site-packages\\PyInstaller\\hooks'
17013 INFO: Processing standard module hook 'hook-xml.py' from 'C:\\Users\\az03810\\AppData\\Local\\anaconda3\\Lib\\site-packages\\PyInstaller\\hooks'
17954 INFO: Processing standard module hook 'hook-platform.py' from 'C:\\Users\\az03810\\AppData\\Local\\anaconda3\\Lib\\site-packages\\PyInstaller\\hooks'
17998 INFO: Processing standard module hook 'hook-sysconfig.py' from 'C:\\Users\\az03810\\AppData\\Local\\anaconda3\\Lib\\site-packages\\PyInstaller\\hooks'
18653 INFO: Processing standard module hook 'hook-psutil.py' from 'C:\\Users\\az03810\\AppData\\Local\\anaconda3\\Lib\\site-packages\\_pyinstaller_hooks_contrib\\stdhooks'
21132 INFO: Analyzing hidden import 'pandas'
21149 INFO: Processing standard module hook 'hook-pandas.py' from 'C:\\Users\\az03810\\AppData\\Local\\anaconda3\\Lib\\site-packages\\PyInstaller\\hooks'
1428 INFO: NumExpr defaulting to 16 threads.
24797 INFO: Processing standard module hook 'hook-pytz.py' from 'C:\\Users\\az03810\\AppData\\Local\\anaconda3\\Lib\\site-packages\\PyInstaller\\hooks'
25243 INFO: Processing standard module hook 'hook-pkg_resources.py' from 'C:\\Users\\az03810\\AppData\\Local\\anaconda3\\Lib\\site-packages\\PyInstaller\\hooks'
25243 INFO: SetuptoolsInfo: initializing cached setuptools info...
33778 INFO: Processing pre-safe-import-module hook 'hook-packaging.py' from 'C:\\Users\\az03810\\AppData\\Local\\anaconda3\\Lib\\site-packages\\PyInstaller\\hooks\\pre_safe_import_module'
33846 INFO: Processing standard module hook 'hook-packaging.py' from 'C:\\Users\\az03810\\AppData\\Local\\anaconda3\\Lib\\site-packages\\PyInstaller\\hooks'
33929 INFO: Processing pre-safe-import-module hook 'hook-jaraco.text.py' from 'C:\\Users\\az03810\\AppData\\Local\\anaconda3\\Lib\\site-packages\\PyInstaller\\hooks\\pre_safe_import_module'
33929 INFO: Setuptools: 'jaraco.text' appears to be a setuptools-vendored copy - creating alias to 'setuptools._vendor.jaraco.text'!
33944 INFO: Processing standard module hook 'hook-setuptools.py' from 'C:\\Users\\az03810\\AppData\\Local\\anaconda3\\Lib\\site-packages\\PyInstaller\\hooks'
33961 INFO: Processing pre-safe-import-module hook 'hook-distutils.py' from 'C:\\Users\\az03810\\AppData\\Local\\anaconda3\\Lib\\site-packages\\PyInstaller\\hooks\\pre_safe_import_module'
34577 INFO: Processing pre-safe-import-module hook 'hook-more_itertools.py' from 'C:\\Users\\az03810\\AppData\\Local\\anaconda3\\Lib\\site-packages\\PyInstaller\\hooks\\pre_safe_import_module'
34960 INFO: Processing pre-safe-import-module hook 'hook-importlib_metadata.py' from 'C:\\Users\\az03810\\AppData\\Local\\anaconda3\\Lib\\site-packages\\PyInstaller\\hooks\\pre_safe_import_module'
34960 INFO: Setuptools: 'importlib_metadata' appears to be a setuptools-vendored copy - creating alias to 'setuptools._vendor.importlib_metadata'!
35076 INFO: Processing standard module hook 'hook-setuptools._vendor.importlib_metadata.py' from 'C:\\Users\\az03810\\AppData\\Local\\anaconda3\\Lib\\site-packages\\PyInstaller\\hooks'
35096 INFO: Processing pre-safe-import-module hook 'hook-zipp.py' from 'C:\\Users\\az03810\\AppData\\Local\\anaconda3\\Lib\\site-packages\\PyInstaller\\hooks\\pre_safe_import_module'
35096 INFO: Setuptools: 'zipp' appears to be a setuptools-vendored copy - creating alias to 'setuptools._vendor.zipp'!
35261 INFO: Processing pre-safe-import-module hook 'hook-importlib_resources.py' from 'C:\\Users\\az03810\\AppData\\Local\\anaconda3\\Lib\\site-packages\\PyInstaller\\hooks\\pre_safe_import_module'
35275 INFO: Setuptools: 'importlib_resources' appears to be a setuptools-vendored copy - creating alias to 'setuptools._vendor.importlib_resources'!
35426 INFO: Processing pre-safe-import-module hook 'hook-ordered_set.py' from 'C:\\Users\\az03810\\AppData\\Local\\anaconda3\\Lib\\site-packages\\PyInstaller\\hooks\\pre_safe_import_module'
35426 INFO: Setuptools: 'ordered_set' appears to be a setuptools-vendored copy - creating alias to 'setuptools._vendor.ordered_set'!
35443 INFO: Processing pre-safe-import-module hook 'hook-jaraco.functools.py' from 'C:\\Users\\az03810\\AppData\\Local\\anaconda3\\Lib\\site-packages\\PyInstaller\\hooks\\pre_safe_import_module'
35459 INFO: Setuptools: 'jaraco.functools' appears to be a setuptools-vendored copy - creating alias to 'setuptools._vendor.jaraco.functools'!
35575 INFO: Processing pre-safe-import-module hook 'hook-typing_extensions.py' from 'C:\\Users\\az03810\\AppData\\Local\\anaconda3\\Lib\\site-packages\\PyInstaller\\hooks\\pre_safe_import_module'
35751 INFO: Processing pre-safe-import-module hook 'hook-tomli.py' from 'C:\\Users\\az03810\\AppData\\Local\\anaconda3\\Lib\\site-packages\\PyInstaller\\hooks\\pre_safe_import_module'
35758 INFO: Setuptools: 'tomli' appears to be a setuptools-vendored copy - creating alias to 'setuptools._vendor.tomli'!
36374 INFO: Processing pre-safe-import-module hook 'hook-wheel.py' from 'C:\\Users\\az03810\\AppData\\Local\\anaconda3\\Lib\\site-packages\\PyInstaller\\hooks\\pre_safe_import_module'
36659 INFO: Processing standard module hook 'hook-setuptools._vendor.jaraco.text.py' from 'C:\\Users\\az03810\\AppData\\Local\\anaconda3\\Lib\\site-packages\\PyInstaller\\hooks'
36675 INFO: Processing pre-safe-import-module hook 'hook-jaraco.context.py' from 'C:\\Users\\az03810\\AppData\\Local\\anaconda3\\Lib\\site-packages\\PyInstaller\\hooks\\pre_safe_import_module'
36675 INFO: Setuptools: 'jaraco.context' appears to be a setuptools-vendored copy - creating alias to 'setuptools._vendor.jaraco.context'!
36675 INFO: Processing pre-safe-import-module hook 'hook-backports.tarfile.py' from 'C:\\Users\\az03810\\AppData\\Local\\anaconda3\\Lib\\site-packages\\PyInstaller\\hooks\\pre_safe_import_module'
36675 INFO: Setuptools: 'backports.tarfile' appears to be a setuptools-vendored copy - creating alias to 'setuptools._vendor.backports.tarfile'!
36795 INFO: Processing standard module hook 'hook-backports.py' from 'C:\\Users\\az03810\\AppData\\Local\\anaconda3\\Lib\\site-packages\\_pyinstaller_hooks_contrib\\stdhooks'
36795 INFO: Processing pre-safe-import-module hook 'hook-platformdirs.py' from 'C:\\Users\\az03810\\AppData\\Local\\anaconda3\\Lib\\site-packages\\PyInstaller\\hooks\\pre_safe_import_module'
36807 INFO: Processing standard module hook 'hook-platformdirs.py' from 'C:\\Users\\az03810\\AppData\\Local\\anaconda3\\Lib\\site-packages\\_pyinstaller_hooks_contrib\\stdhooks'
37025 INFO: Processing standard module hook 'hook-scipy.py' from 'C:\\Users\\az03810\\AppData\\Local\\anaconda3\\Lib\\site-packages\\PyInstaller\\hooks'
41021 INFO: Processing standard module hook 'hook-pygments.py' from 'C:\\Users\\az03810\\AppData\\Local\\anaconda3\\Lib\\site-packages\\PyInstaller\\hooks'
48953 INFO: Processing standard module hook 'hook-xml.etree.cElementTree.py' from 'C:\\Users\\az03810\\AppData\\Local\\anaconda3\\Lib\\site-packages\\PyInstaller\\hooks'
49935 INFO: Processing standard module hook 'hook-lxml.py' from 'C:\\Users\\az03810\\AppData\\Local\\anaconda3\\Lib\\site-packages\\_pyinstaller_hooks_contrib\\stdhooks'
51628 INFO: Processing standard module hook 'hook-lxml.etree.py' from 'C:\\Users\\az03810\\AppData\\Local\\anaconda3\\Lib\\site-packages\\_pyinstaller_hooks_contrib\\stdhooks'
52099 INFO: Processing standard module hook 'hook-pycparser.py' from 'C:\\Users\\az03810\\AppData\\Local\\anaconda3\\Lib\\site-packages\\_pyinstaller_hooks_contrib\\stdhooks'
53131 INFO: Processing standard module hook 'hook-torch.py' from 'C:\\Users\\az03810\\AppData\\Local\\anaconda3\\Lib\\site-packages\\_pyinstaller_hooks_contrib\\stdhooks'
2026-04-11 10:39:29.329333: I tensorflow/core/util/port.cc:153] oneDNN custom operations are on. You may see slightly different numerical results due to floating-point round-off errors from different computation orders. To turn them off, set the environment variable `TF_ENABLE_ONEDNN_OPTS=0`.
Traceback (most recent call last):
  File "C:\Users\az03810\AppData\Local\anaconda3\Lib\site-packages\tensorboard\compat\__init__.py", line 42, in tf
    from tensorboard.compat import notf  # noqa: F401
    ^^^^^^^^^^^^^^^^^^^^^^^^^^^^^^^^^^^
ImportError: cannot import name 'notf' from 'tensorboard.compat' (C:\Users\az03810\AppData\Local\anaconda3\Lib\site-packages\tensorboard\compat\__init__.py)

During handling of the above exception, another exception occurred:

AttributeError: 'MessageFactory' object has no attribute 'GetPrototype'
Traceback (most recent call last):
  File "C:\Users\az03810\AppData\Local\anaconda3\Lib\site-packages\tensorboard\compat\__init__.py", line 42, in tf
    from tensorboard.compat import notf  # noqa: F401
    ^^^^^^^^^^^^^^^^^^^^^^^^^^^^^^^^^^^
ImportError: cannot import name 'notf' from 'tensorboard.compat' (C:\Users\az03810\AppData\Local\anaconda3\Lib\site-packages\tensorboard\compat\__init__.py)

During handling of the above exception, another exception occurred:

AttributeError: 'MessageFactory' object has no attribute 'GetPrototype'
Traceback (most recent call last):
  File "C:\Users\az03810\AppData\Local\anaconda3\Lib\site-packages\tensorboard\compat\__init__.py", line 42, in tf
    from tensorboard.compat import notf  # noqa: F401
    ^^^^^^^^^^^^^^^^^^^^^^^^^^^^^^^^^^^
ImportError: cannot import name 'notf' from 'tensorboard.compat' (C:\Users\az03810\AppData\Local\anaconda3\Lib\site-packages\tensorboard\compat\__init__.py)

During handling of the above exception, another exception occurred:

AttributeError: 'MessageFactory' object has no attribute 'GetPrototype'
2026-04-11 10:39:30.726311: I tensorflow/core/util/port.cc:153] oneDNN custom operations are on. You may see slightly different numerical results due to floating-point round-off errors from different computation orders. To turn them off, set the environment variable `TF_ENABLE_ONEDNN_OPTS=0`.
Traceback (most recent call last):
  File "C:\Users\az03810\AppData\Local\anaconda3\Lib\site-packages\tensorboard\compat\__init__.py", line 42, in tf
    from tensorboard.compat import notf  # noqa: F401
    ^^^^^^^^^^^^^^^^^^^^^^^^^^^^^^^^^^^
ImportError: cannot import name 'notf' from 'tensorboard.compat' (C:\Users\az03810\AppData\Local\anaconda3\Lib\site-packages\tensorboard\compat\__init__.py)

During handling of the above exception, another exception occurred:

AttributeError: 'MessageFactory' object has no attribute 'GetPrototype'
Traceback (most recent call last):
  File "C:\Users\az03810\AppData\Local\anaconda3\Lib\site-packages\tensorboard\compat\__init__.py", line 42, in tf
    from tensorboard.compat import notf  # noqa: F401
    ^^^^^^^^^^^^^^^^^^^^^^^^^^^^^^^^^^^
ImportError: cannot import name 'notf' from 'tensorboard.compat' (C:\Users\az03810\AppData\Local\anaconda3\Lib\site-packages\tensorboard\compat\__init__.py)

During handling of the above exception, another exception occurred:

AttributeError: 'MessageFactory' object has no attribute 'GetPrototype'
8495 INFO: NumExpr defaulting to 16 threads.
13773 WARNING: Failed to collect submodules for 'torch.testing._internal.opinfo' because importing 'torch.testing._internal.opinfo' raised: ModuleNotFoundError: No module named 'expecttest'
W0411 10:39:39.605000 20316 site-packages\torch\distributed\elastic\multiprocessing\redirects.py:29] NOTE: Redirects are currently not supported in Windows or MacOs.
C:\Users\az03810\AppData\Local\anaconda3\Lib\site-packages\PyInstaller\utils\hooks\__init__.py:665: DeprecationWarning: `torch.distributed._sharding_spec` will be deprecated, use `torch.distributed._shard.sharding_spec` instead
  __import__(name)
C:\Users\az03810\AppData\Local\anaconda3\Lib\site-packages\PyInstaller\utils\hooks\__init__.py:665: DeprecationWarning: `torch.distributed._sharded_tensor` will be deprecated, use `torch.distributed._shard.sharded_tensor` instead
  __import__(name)
C:\Users\az03810\AppData\Local\anaconda3\Lib\site-packages\PyInstaller\utils\hooks\__init__.py:665: DeprecationWarning: `torch.distributed._shard.checkpoint` will be deprecated, use `torch.distributed.checkpoint` instead
  __import__(name)
79506 INFO: hook-torch: this torch build does not depend on MKL...
80924 INFO: Processing standard module hook 'hook-matplotlib.py' from 'C:\\Users\\az03810\\AppData\\Local\\anaconda3\\Lib\\site-packages\\PyInstaller\\hooks'
81500 INFO: Processing pre-safe-import-module hook 'hook-gi.py' from 'C:\\Users\\az03810\\AppData\\Local\\anaconda3\\Lib\\site-packages\\PyInstaller\\hooks\\pre_safe_import_module'
81691 INFO: Processing standard module hook 'hook-matplotlib.backend_bases.py' from 'C:\\Users\\az03810\\AppData\\Local\\anaconda3\\Lib\\site-packages\\PyInstaller\\hooks'
81817 INFO: Processing standard module hook 'hook-PIL.py' from 'C:\\Users\\az03810\\AppData\\Local\\anaconda3\\Lib\\site-packages\\PyInstaller\\hooks'
81895 INFO: Processing standard module hook 'hook-PIL.Image.py' from 'C:\\Users\\az03810\\AppData\\Local\\anaconda3\\Lib\\site-packages\\PyInstaller\\hooks'
83398 INFO: Processing standard module hook 'hook-xml.dom.domreg.py' from 'C:\\Users\\az03810\\AppData\\Local\\anaconda3\\Lib\\site-packages\\PyInstaller\\hooks'
83914 INFO: Processing standard module hook 'hook-PIL.ImageFilter.py' from 'C:\\Users\\az03810\\AppData\\Local\\anaconda3\\Lib\\site-packages\\PyInstaller\\hooks'
84382 INFO: Processing standard module hook 'hook-jinja2.py' from 'C:\\Users\\az03810\\AppData\\Local\\anaconda3\\Lib\\site-packages\\_pyinstaller_hooks_contrib\\stdhooks'
84829 INFO: Processing standard module hook 'hook-matplotlib.backends.py' from 'C:\\Users\\az03810\\AppData\\Local\\anaconda3\\Lib\\site-packages\\PyInstaller\\hooks'
84923 INFO: Processing standard module hook 'hook-matplotlib.pyplot.py' from 'C:\\Users\\az03810\\AppData\\Local\\anaconda3\\Lib\\site-packages\\PyInstaller\\hooks'
85827 INFO: Processing standard module hook 'hook-dateutil.py' from 'C:\\Users\\az03810\\AppData\\Local\\anaconda3\\Lib\\site-packages\\_pyinstaller_hooks_contrib\\stdhooks'
85927 INFO: Processing pre-safe-import-module hook 'hook-six.moves.py' from 'C:\\Users\\az03810\\AppData\\Local\\anaconda3\\Lib\\site-packages\\PyInstaller\\hooks\\pre_safe_import_module'
88207 INFO: Processing standard module hook 'hook-certifi.py' from 'C:\\Users\\az03810\\AppData\\Local\\anaconda3\\Lib\\site-packages\\_pyinstaller_hooks_contrib\\stdhooks'
93881 INFO: Processing standard module hook 'hook-scipy.linalg.py' from 'C:\\Users\\az03810\\AppData\\Local\\anaconda3\\Lib\\site-packages\\PyInstaller\\hooks'
94014 INFO: Processing standard module hook 'hook-scipy.special._ufuncs.py' from 'C:\\Users\\az03810\\AppData\\Local\\anaconda3\\Lib\\site-packages\\PyInstaller\\hooks'
95911 INFO: Processing standard module hook 'hook-scipy.sparse.csgraph.py' from 'C:\\Users\\az03810\\AppData\\Local\\anaconda3\\Lib\\site-packages\\PyInstaller\\hooks'
96260 INFO: Processing standard module hook 'hook-scipy.special._ellip_harm_2.py' from 'C:\\Users\\az03810\\AppData\\Local\\anaconda3\\Lib\\site-packages\\PyInstaller\\hooks'
96826 INFO: Processing standard module hook 'hook-scipy.spatial.transform.rotation.py' from 'C:\\Users\\az03810\\AppData\\Local\\anaconda3\\Lib\\site-packages\\PyInstaller\\hooks'
97691 INFO: Processing standard module hook 'hook-scipy.stats._stats.py' from 'C:\\Users\\az03810\\AppData\\Local\\anaconda3\\Lib\\site-packages\\PyInstaller\\hooks'
98773 INFO: Processing standard module hook 'hook-pyarrow.py' from 'C:\\Users\\az03810\\AppData\\Local\\anaconda3\\Lib\\site-packages\\_pyinstaller_hooks_contrib\\stdhooks'
100754 INFO: Processing standard module hook 'hook-urllib3.py' from 'C:\\Users\\az03810\\AppData\\Local\\anaconda3\\Lib\\site-packages\\_pyinstaller_hooks_contrib\\stdhooks'
101650 INFO: Processing standard module hook 'hook-charset_normalizer.py' from 'C:\\Users\\az03810\\AppData\\Local\\anaconda3\\Lib\\site-packages\\_pyinstaller_hooks_contrib\\stdhooks'
101815 INFO: Processing standard module hook 'hook-cryptography.py' from 'C:\\Users\\az03810\\AppData\\Local\\anaconda3\\Lib\\site-packages\\_pyinstaller_hooks_contrib\\stdhooks'
104770 INFO: hook-cryptography: cryptography does not seem to be using dynamically linked OpenSSL.
105241 INFO: Processing standard module hook 'hook-fsspec.py' from 'C:\\Users\\az03810\\AppData\\Local\\anaconda3\\Lib\\site-packages\\_pyinstaller_hooks_contrib\\stdhooks'
106895 INFO: Processing standard module hook 'hook-lz4.py' from 'C:\\Users\\az03810\\AppData\\Local\\anaconda3\\Lib\\site-packages\\_pyinstaller_hooks_contrib\\stdhooks'
107394 INFO: Processing standard module hook 'hook-pandas.io.formats.style.py' from 'C:\\Users\\az03810\\AppData\\Local\\anaconda3\\Lib\\site-packages\\PyInstaller\\hooks'
110240 INFO: Processing standard module hook 'hook-pandas.plotting.py' from 'C:\\Users\\az03810\\AppData\\Local\\anaconda3\\Lib\\site-packages\\PyInstaller\\hooks'
111205 INFO: Processing standard module hook 'hook-openpyxl.py' from 'C:\\Users\\az03810\\AppData\\Local\\anaconda3\\Lib\\site-packages\\_pyinstaller_hooks_contrib\\stdhooks'
113734 INFO: Processing standard module hook 'hook-sqlite3.py' from 'C:\\Users\\az03810\\AppData\\Local\\anaconda3\\Lib\\site-packages\\PyInstaller\\hooks'
115101 INFO: Processing standard module hook 'hook-pandas.io.clipboard.py' from 'C:\\Users\\az03810\\AppData\\Local\\anaconda3\\Lib\\site-packages\\PyInstaller\\hooks'
115103 INFO: Processing standard module hook 'hook-qtpy.py' from 'C:\\Users\\az03810\\AppData\\Local\\anaconda3\\Lib\\site-packages\\PyInstaller\\hooks'
115582 INFO: hook-qtpy: selected 'PyQt5' as the only available Qt bindings.
116605 INFO: Processing pre-safe-import-module hook 'hook-win32com.py' from 'C:\\Users\\az03810\\AppData\\Local\\anaconda3\\Lib\\site-packages\\_pyinstaller_hooks_contrib\\pre_safe_import_module'
116712 INFO: Processing standard module hook 'hook-win32com.py' from 'C:\\Users\\az03810\\AppData\\Local\\anaconda3\\Lib\\site-packages\\_pyinstaller_hooks_contrib\\stdhooks'
116712 INFO: Processing standard module hook 'hook-pythoncom.py' from 'C:\\Users\\az03810\\AppData\\Local\\anaconda3\\Lib\\site-packages\\_pyinstaller_hooks_contrib\\stdhooks'
116896 INFO: Processing standard module hook 'hook-pywintypes.py' from 'C:\\Users\\az03810\\AppData\\Local\\anaconda3\\Lib\\site-packages\\_pyinstaller_hooks_contrib\\stdhooks'
119506 INFO: Processing pre-safe-import-module hook 'hook-tensorflow.py' from 'C:\\Users\\az03810\\AppData\\Local\\anaconda3\\Lib\\site-packages\\_pyinstaller_hooks_contrib\\pre_safe_import_module'
133783 INFO: Processing standard module hook 'hook-torchvision.py' from 'C:\\Users\\az03810\\AppData\\Local\\anaconda3\\Lib\\site-packages\\_pyinstaller_hooks_contrib\\stdhooks'
133876 INFO: Processing standard module hook 'hook-torchvision.io.image.py' from 'C:\\Users\\az03810\\AppData\\Local\\anaconda3\\Lib\\site-packages\\_pyinstaller_hooks_contrib\\stdhooks'
136033 INFO: Processing standard module hook 'hook-scipy.io.matlab.py' from 'C:\\Users\\az03810\\AppData\\Local\\anaconda3\\Lib\\site-packages\\PyInstaller\\hooks'
139941 INFO: Analyzing hidden import 'reportlab'
139957 INFO: Analyzing hidden import 'reportlab.lib.pagesizes'
139967 INFO: Analyzing hidden import 'reportlab.pdfgen'
139971 INFO: Analyzing hidden import 'asammdf'
C:\Users\az03810\AppData\Local\anaconda3\Lib\site-packages\asammdf\mdf.py:151: SyntaxWarning: invalid escape sequence '\*'
  """Unified access to MDF v3 and v4 files. Underlying _mdf's attributes and
142770 INFO: Analyzing hidden import 'mat73'
142792 INFO: Analyzing hidden import 'ultralytics'
142792 INFO: Processing standard module hook 'hook-ultralytics.py' from 'C:\\Users\\az03810\\AppData\\Local\\anaconda3\\Lib\\site-packages\\_pyinstaller_hooks_contrib\\stdhooks'
144834 INFO: Processing standard module hook 'hook-zoneinfo.py' from 'C:\\Users\\az03810\\AppData\\Local\\anaconda3\\Lib\\site-packages\\_pyinstaller_hooks_contrib\\stdhooks'
C:\Users\az03810\AppData\Local\anaconda3\Lib\site-packages\pafy\channel.py:201: SyntaxWarning: invalid escape sequence '\/'
  chanR = re.compile('.+channel\/([^\/]+)$')
C:\Users\az03810\AppData\Local\anaconda3\Lib\site-packages\pafy\channel.py:202: SyntaxWarning: invalid escape sequence '\/'
  userR = re.compile('.+user\/([^\/]+)$')
151873 INFO: Processing standard module hook 'hook-shapely.py' from 'C:\\Users\\az03810\\AppData\\Local\\anaconda3\\Lib\\site-packages\\_pyinstaller_hooks_contrib\\stdhooks'
153619 INFO: Processing standard module hook 'hook-plotly.py' from 'C:\\Users\\az03810\\AppData\\Local\\anaconda3\\Lib\\site-packages\\_pyinstaller_hooks_contrib\\stdhooks'
170507 INFO: Processing standard module hook 'hook-cloudpickle.py' from 'C:\\Users\\az03810\\AppData\\Local\\anaconda3\\Lib\\site-packages\\_pyinstaller_hooks_contrib\\stdhooks'
174076 INFO: Processing module hooks (post-graph stage)...
174087 WARNING: Hidden import "charset_normalizer.md__mypyc" not found!
174576 INFO: Processing standard module hook 'hook-lxml.isoschematron.py' from 'C:\\Users\\az03810\\AppData\\Local\\anaconda3\\Lib\\site-packages\\_pyinstaller_hooks_contrib\\stdhooks'
181973 INFO: Processing standard module hook 'hook-matplotlib.backends.py' from 'C:\\Users\\az03810\\AppData\\Local\\anaconda3\\Lib\\site-packages\\PyInstaller\\hooks'
181988 INFO: Matplotlib backend selection method: automatic discovery of used backends
182519 INFO: Trying determine the default backend as first importable candidate from the list: ['QtAgg', 'Qt5Agg', 'Gtk4Agg', 'Gtk3Agg', 'TkAgg', 'WxAgg']
183240 INFO: Selected matplotlib backends: ['QtAgg']
183254 INFO: Processing standard module hook 'hook-matplotlib.backends.backend_qtagg.py' from 'C:\\Users\\az03810\\AppData\\Local\\anaconda3\\Lib\\site-packages\\PyInstaller\\hooks'
183255 INFO: Processing standard module hook 'hook-matplotlib.backends.qt_compat.py' from 'C:\\Users\\az03810\\AppData\\Local\\anaconda3\\Lib\\site-packages\\PyInstaller\\hooks'
183255 INFO: hook-matplotlib.backends.qt_compat: selected 'PyQt5' as the only available Qt bindings.
183756 INFO: Processing standard module hook 'hook-PIL.SpiderImagePlugin.py' from 'C:\\Users\\az03810\\AppData\\Local\\anaconda3\\Lib\\site-packages\\PyInstaller\\hooks'
186134 WARNING: Hidden import "scipy.special._cdflib" not found!
186150 INFO: Processing standard module hook 'hook-_tkinter.py' from 'C:\\Users\\az03810\\AppData\\Local\\anaconda3\\Lib\\site-packages\\PyInstaller\\hooks'
186150 INFO: Processing standard module hook 'hook-lxml.objectify.py' from 'C:\\Users\\az03810\\AppData\\Local\\anaconda3\\Lib\\site-packages\\_pyinstaller_hooks_contrib\\stdhooks'
186150 INFO: Processing standard module hook 'hook-tzdata.py' from 'C:\\Users\\az03810\\AppData\\Local\\anaconda3\\Lib\\site-packages\\_pyinstaller_hooks_contrib\\stdhooks'
187823 INFO: Performing binary vs. data reclassification (3148 entries)
189459 INFO: Looking for ctypes DLLs
189609 WARNING: Ignoring /usr/lib64/libgomp.so.1 imported from C:\Users\az03810\AppData\Local\anaconda3\Lib\site-packages\torch\_inductor\codecache.py - only basenames are supported with ctypes imports!
189624 WARNING: Library nvrtc64_120_0.dll required via ctypes not found
189928 INFO: Analyzing run-time hooks ...
189967 INFO: Including run-time hook 'pyi_rth_multiprocessing.py' from 'C:\\Users\\az03810\\AppData\\Local\\anaconda3\\Lib\\site-packages\\PyInstaller\\hooks\\rthooks'
189977 INFO: Including run-time hook 'pyi_rth_pkgutil.py' from 'C:\\Users\\az03810\\AppData\\Local\\anaconda3\\Lib\\site-packages\\PyInstaller\\hooks\\rthooks'
189977 INFO: Including run-time hook 'pyi_rth_inspect.py' from 'C:\\Users\\az03810\\AppData\\Local\\anaconda3\\Lib\\site-packages\\PyInstaller\\hooks\\rthooks'
189977 INFO: Including run-time hook 'pyi_rth_pkgres.py' from 'C:\\Users\\az03810\\AppData\\Local\\anaconda3\\Lib\\site-packages\\PyInstaller\\hooks\\rthooks'
189989 INFO: Including run-time hook 'pyi_rth_setuptools.py' from 'C:\\Users\\az03810\\AppData\\Local\\anaconda3\\Lib\\site-packages\\PyInstaller\\hooks\\rthooks'
189994 INFO: Including run-time hook 'pyi_rth_cryptography_openssl.py' from 'C:\\Users\\az03810\\AppData\\Local\\anaconda3\\Lib\\site-packages\\_pyinstaller_hooks_contrib\\rthooks'
189997 INFO: Including run-time hook 'pyi_rth_traitlets.py' from 'C:\\Users\\az03810\\AppData\\Local\\anaconda3\\Lib\\site-packages\\_pyinstaller_hooks_contrib\\rthooks'
189999 INFO: Including run-time hook 'pyi_rth_pywintypes.py' from 'C:\\Users\\az03810\\AppData\\Local\\anaconda3\\Lib\\site-packages\\_pyinstaller_hooks_contrib\\rthooks'
189999 INFO: Including run-time hook 'pyi_rth_pythoncom.py' from 'C:\\Users\\az03810\\AppData\\Local\\anaconda3\\Lib\\site-packages\\_pyinstaller_hooks_contrib\\rthooks'
189999 INFO: Including run-time hook 'pyi_rth_mplconfig.py' from 'C:\\Users\\az03810\\AppData\\Local\\anaconda3\\Lib\\site-packages\\PyInstaller\\hooks\\rthooks'
190010 INFO: Processing pre-find-module-path hook 'hook-_pyi_rth_utils.py' from 'C:\\Users\\az03810\\AppData\\Local\\anaconda3\\Lib\\site-packages\\PyInstaller\\hooks\\pre_find_module_path'
190011 INFO: Processing standard module hook 'hook-_pyi_rth_utils.py' from 'C:\\Users\\az03810\\AppData\\Local\\anaconda3\\Lib\\site-packages\\PyInstaller\\hooks'
190011 INFO: Including run-time hook 'pyi_rth__tkinter.py' from 'C:\\Users\\az03810\\AppData\\Local\\anaconda3\\Lib\\site-packages\\PyInstaller\\hooks\\rthooks'
190210 INFO: Creating base_library.zip...
190293 INFO: Looking for dynamic libraries
C:\Users\az03810\AppData\Local\anaconda3\Lib\site-packages\PyInstaller\building\build_main.py:227: UserWarning: The numpy.array_api submodule is still experimental. See NEP 47.
  __import__(package)
2026-04-11 10:41:40.366625: I tensorflow/core/util/port.cc:153] oneDNN custom operations are on. You may see slightly different numerical results due to floating-point round-off errors from different computation orders. To turn them off, set the environment variable `TF_ENABLE_ONEDNN_OPTS=0`.
Traceback (most recent call last):
  File "C:\Users\az03810\AppData\Local\anaconda3\Lib\site-packages\tensorboard\compat\__init__.py", line 42, in tf
    from tensorboard.compat import notf  # noqa: F401
    ^^^^^^^^^^^^^^^^^^^^^^^^^^^^^^^^^^^
ImportError: cannot import name 'notf' from 'tensorboard.compat' (C:\Users\az03810\AppData\Local\anaconda3\Lib\site-packages\tensorboard\compat\__init__.py)

During handling of the above exception, another exception occurred:

AttributeError: 'MessageFactory' object has no attribute 'GetPrototype'
Traceback (most recent call last):
  File "C:\Users\az03810\AppData\Local\anaconda3\Lib\site-packages\tensorboard\compat\__init__.py", line 42, in tf
    from tensorboard.compat import notf  # noqa: F401
    ^^^^^^^^^^^^^^^^^^^^^^^^^^^^^^^^^^^
ImportError: cannot import name 'notf' from 'tensorboard.compat' (C:\Users\az03810\AppData\Local\anaconda3\Lib\site-packages\tensorboard\compat\__init__.py)

During handling of the above exception, another exception occurred:

AttributeError: 'MessageFactory' object has no attribute 'GetPrototype'
forrtl: error (200): program aborting due to window-CLOSE event
Image              PC                Routine            Line        Source             
KERNELBASE.dll     00007FF93484C247  Unknown               Unknown  Unknown
KERNEL32.DLL       00007FF93682259D  Unknown               Unknown  Unknown
ntdll.dll          00007FF936FCAFB8  Unknown               Unknown  Unknown
Traceback (most recent call last):
